=== RUN   TestDeleteObjectConditional
=== RUN   TestDeleteObjectConditional/wrong-etag-precondition-failed
=== RUN   TestDeleteObjectConditional/missing-object-not-found
=== RUN   TestDeleteObjectConditional/correct-etag-succeeds
--- PASS: TestDeleteObjectConditional (0.08s)
    --- PASS: TestDeleteObjectConditional/wrong-etag-precondition-failed (0.00s)
    --- PASS: TestDeleteObjectConditional/missing-object-not-found (0.00s)
    --- PASS: TestDeleteObjectConditional/correct-etag-succeeds (0.00s)
=== RUN   TestDeleteObjectConditionalWithReadQuorumFailure
--- PASS: TestDeleteObjectConditionalWithReadQuorumFailure (0.07s)
=== RUN   TestDeleteObjectConditionalVersioned
=== RUN   TestDeleteObjectConditionalVersioned/wildcard-on-delete-marker-latest
=== RUN   TestDeleteObjectConditionalVersioned/explicit-version-selection
=== RUN   TestDeleteObjectConditionalVersioned/missing-version
=== RUN   TestDeleteObjectConditionalVersioned/missing-version-absent-key
=== RUN   TestDeleteObjectConditionalVersioned/wildcard-on-explicit-delete-marker-version
--- PASS: TestDeleteObjectConditionalVersioned (0.13s)
    --- PASS: TestDeleteObjectConditionalVersioned/wildcard-on-delete-marker-latest (0.01s)
    --- PASS: TestDeleteObjectConditionalVersioned/explicit-version-selection (0.02s)
    --- PASS: TestDeleteObjectConditionalVersioned/missing-version (0.01s)
    --- PASS: TestDeleteObjectConditionalVersioned/missing-version-absent-key (0.00s)
    --- PASS: TestDeleteObjectConditionalVersioned/wildcard-on-explicit-delete-marker-version (0.01s)
=== RUN   TestDeleteObjectsVersioned
--- PASS: TestDeleteObjectsVersioned (0.08s)
=== RUN   TestDeleteObject
--- PASS: TestDeleteObject (0.45s)
=== RUN   TestDeleteObjectVersionMarker
--- PASS: TestDeleteObjectVersionMarker (0.25s)
PASS
ok  	github.com/minio/minio/cmd	3.066s
