=== RUN   TestServerContinuousUpload
=== RUN   TestServerContinuousUpload/tls=false/chunked=false/expect=false
=== PAUSE TestServerContinuousUpload/tls=false/chunked=false/expect=false
=== RUN   TestServerContinuousUpload/tls=false/chunked=false/expect=true
=== PAUSE TestServerContinuousUpload/tls=false/chunked=false/expect=true
=== RUN   TestServerContinuousUpload/tls=false/chunked=true/expect=false
=== PAUSE TestServerContinuousUpload/tls=false/chunked=true/expect=false
=== RUN   TestServerContinuousUpload/tls=false/chunked=true/expect=true
=== PAUSE TestServerContinuousUpload/tls=false/chunked=true/expect=true
=== RUN   TestServerContinuousUpload/tls=true/chunked=false/expect=false
=== PAUSE TestServerContinuousUpload/tls=true/chunked=false/expect=false
=== RUN   TestServerContinuousUpload/tls=true/chunked=false/expect=true
=== PAUSE TestServerContinuousUpload/tls=true/chunked=false/expect=true
=== RUN   TestServerContinuousUpload/tls=true/chunked=true/expect=false
=== PAUSE TestServerContinuousUpload/tls=true/chunked=true/expect=false
=== RUN   TestServerContinuousUpload/tls=true/chunked=true/expect=true
=== PAUSE TestServerContinuousUpload/tls=true/chunked=true/expect=true
=== CONT  TestServerContinuousUpload/tls=false/chunked=false/expect=false
=== CONT  TestServerContinuousUpload/tls=true/chunked=false/expect=false
=== CONT  TestServerContinuousUpload/tls=false/chunked=true/expect=false
=== CONT  TestServerContinuousUpload/tls=false/chunked=true/expect=true
=== CONT  TestServerContinuousUpload/tls=true/chunked=true/expect=true
=== CONT  TestServerContinuousUpload/tls=true/chunked=false/expect=true
=== CONT  TestServerContinuousUpload/tls=true/chunked=true/expect=false
=== CONT  TestServerContinuousUpload/tls=false/chunked=false/expect=true
=== NAME  TestServerContinuousUpload/tls=true/chunked=true/expect=false
    r8_compatibility_test.go:181: continuous upload 1.293813708s > idle 300ms
=== NAME  TestServerContinuousUpload/tls=true/chunked=false/expect=false
    r8_compatibility_test.go:181: continuous upload 1.293742875s > idle 300ms
=== NAME  TestServerContinuousUpload/tls=false/chunked=true/expect=false
    r8_compatibility_test.go:181: continuous upload 1.297742459s > idle 300ms
=== NAME  TestServerContinuousUpload/tls=true/chunked=false/expect=true
    r8_compatibility_test.go:181: continuous upload 1.293691583s > idle 300ms
=== NAME  TestServerContinuousUpload/tls=false/chunked=false/expect=true
    r8_compatibility_test.go:181: continuous upload 1.296975334s > idle 300ms
=== NAME  TestServerContinuousUpload/tls=false/chunked=true/expect=true
    r8_compatibility_test.go:181: continuous upload 1.297091375s > idle 300ms
=== NAME  TestServerContinuousUpload/tls=true/chunked=true/expect=true
    r8_compatibility_test.go:181: continuous upload 1.293960709s > idle 300ms
=== NAME  TestServerContinuousUpload/tls=false/chunked=false/expect=false
    r8_compatibility_test.go:181: continuous upload 1.297880292s > idle 300ms
--- PASS: TestServerContinuousUpload (0.00s)
    --- PASS: TestServerContinuousUpload/tls=false/chunked=true/expect=true (1.30s)
    --- PASS: TestServerContinuousUpload/tls=false/chunked=false/expect=true (1.30s)
    --- PASS: TestServerContinuousUpload/tls=true/chunked=true/expect=true (1.30s)
    --- PASS: TestServerContinuousUpload/tls=true/chunked=false/expect=true (1.30s)
    --- PASS: TestServerContinuousUpload/tls=true/chunked=true/expect=false (1.30s)
    --- PASS: TestServerContinuousUpload/tls=false/chunked=false/expect=false (1.30s)
    --- PASS: TestServerContinuousUpload/tls=true/chunked=false/expect=false (1.30s)
    --- PASS: TestServerContinuousUpload/tls=false/chunked=true/expect=false (1.30s)
=== RUN   TestServerIdleBodyDeadline
=== RUN   TestServerIdleBodyDeadline/tls=false
=== PAUSE TestServerIdleBodyDeadline/tls=false
=== RUN   TestServerIdleBodyDeadline/tls=true
=== PAUSE TestServerIdleBodyDeadline/tls=true
=== CONT  TestServerIdleBodyDeadline/tls=false
=== CONT  TestServerIdleBodyDeadline/tls=true
--- PASS: TestServerIdleBodyDeadline (0.00s)
    --- PASS: TestServerIdleBodyDeadline/tls=false (0.45s)
    --- PASS: TestServerIdleBodyDeadline/tls=true (0.45s)
=== RUN   TestServerBackgroundReadNoDeadline
=== RUN   TestServerBackgroundReadNoDeadline/tls=false/body=false
=== PAUSE TestServerBackgroundReadNoDeadline/tls=false/body=false
=== RUN   TestServerBackgroundReadNoDeadline/tls=false/body=true
=== PAUSE TestServerBackgroundReadNoDeadline/tls=false/body=true
=== RUN   TestServerBackgroundReadNoDeadline/tls=true/body=false
=== PAUSE TestServerBackgroundReadNoDeadline/tls=true/body=false
=== RUN   TestServerBackgroundReadNoDeadline/tls=true/body=true
=== PAUSE TestServerBackgroundReadNoDeadline/tls=true/body=true
=== CONT  TestServerBackgroundReadNoDeadline/tls=false/body=false
=== CONT  TestServerBackgroundReadNoDeadline/tls=true/body=false
=== CONT  TestServerBackgroundReadNoDeadline/tls=false/body=true
=== CONT  TestServerBackgroundReadNoDeadline/tls=true/body=true
--- PASS: TestServerBackgroundReadNoDeadline (0.00s)
    --- PASS: TestServerBackgroundReadNoDeadline/tls=false/body=false (0.70s)
    --- PASS: TestServerBackgroundReadNoDeadline/tls=false/body=true (0.70s)
    --- PASS: TestServerBackgroundReadNoDeadline/tls=true/body=false (0.70s)
    --- PASS: TestServerBackgroundReadNoDeadline/tls=true/body=true (0.70s)
PASS
ok  	github.com/minio/minio/internal/http	2.983s
