=== RUN   TestServerReadHeaderTimeoutConfig
=== RUN   TestServerReadHeaderTimeoutConfig/default
    r8_config_test.go:30: CLI read-header-timeout=30s, expected=30s
    r8_config_test.go:35: parsed ReadHeaderTimeout = 0s, want 30s
=== RUN   TestServerReadHeaderTimeoutConfig/flag
    r8_config_test.go:30: CLI read-header-timeout=100ms, expected=100ms
    r8_config_test.go:35: parsed ReadHeaderTimeout = 0s, want 100ms
=== RUN   TestServerReadHeaderTimeoutConfig/environment
    r8_config_test.go:30: CLI read-header-timeout=170ms, expected=170ms
    r8_config_test.go:35: parsed ReadHeaderTimeout = 0s, want 170ms
=== RUN   TestServerReadHeaderTimeoutConfig/flag-over-environment
    r8_config_test.go:30: CLI read-header-timeout=80ms, expected=80ms
    r8_config_test.go:35: parsed ReadHeaderTimeout = 0s, want 80ms
=== RUN   TestServerReadHeaderTimeoutConfig/yaml-retains-flag
    r8_config_test.go:30: CLI read-header-timeout=100ms, expected=100ms
    r8_config_test.go:35: parsed ReadHeaderTimeout = 0s, want 100ms
=== RUN   TestServerReadHeaderTimeoutConfig/zero-fallback
    r8_config_test.go:30: CLI read-header-timeout=0s, expected=0s
=== RUN   TestServerReadHeaderTimeoutConfig/negative-disabled
    r8_config_test.go:30: CLI read-header-timeout=-1s, expected=-1s
    r8_config_test.go:35: parsed ReadHeaderTimeout = 0s, want -1s
--- FAIL: TestServerReadHeaderTimeoutConfig (0.00s)
    --- FAIL: TestServerReadHeaderTimeoutConfig/default (0.00s)
    --- FAIL: TestServerReadHeaderTimeoutConfig/flag (0.00s)
    --- FAIL: TestServerReadHeaderTimeoutConfig/environment (0.00s)
    --- FAIL: TestServerReadHeaderTimeoutConfig/flag-over-environment (0.00s)
    --- FAIL: TestServerReadHeaderTimeoutConfig/yaml-retains-flag (0.00s)
    --- PASS: TestServerReadHeaderTimeoutConfig/zero-fallback (0.00s)
    --- FAIL: TestServerReadHeaderTimeoutConfig/negative-disabled (0.00s)
FAIL
FAIL	github.com/minio/minio/cmd	1.500s
FAIL
