=== RUN   TestServerDefaultIdleLongUpload
=== PAUSE TestServerDefaultIdleLongUpload
=== RUN   TestServerDefaultIdleLongDownload
=== PAUSE TestServerDefaultIdleLongDownload
=== CONT  TestServerDefaultIdleLongUpload
=== RUN   TestServerDefaultIdleLongUpload/tls=false
=== PAUSE TestServerDefaultIdleLongUpload/tls=false
=== RUN   TestServerDefaultIdleLongUpload/tls=true
=== PAUSE TestServerDefaultIdleLongUpload/tls=true
=== CONT  TestServerDefaultIdleLongUpload/tls=false
=== CONT  TestServerDefaultIdleLongDownload
=== RUN   TestServerDefaultIdleLongDownload/tls=false
=== PAUSE TestServerDefaultIdleLongDownload/tls=false
=== RUN   TestServerDefaultIdleLongDownload/tls=true
=== PAUSE TestServerDefaultIdleLongDownload/tls=true
=== CONT  TestServerDefaultIdleLongDownload/tls=false
=== CONT  TestServerDefaultIdleLongDownload/tls=true
=== CONT  TestServerDefaultIdleLongUpload/tls=true
=== NAME  TestServerDefaultIdleLongDownload/tls=true
    server_deadline_test.go:601: continuous download 33.028469208s > idle 30s
=== NAME  TestServerDefaultIdleLongDownload/tls=false
    server_deadline_test.go:601: continuous download 33.033171416s > idle 30s
=== NAME  TestServerDefaultIdleLongUpload/tls=true
    server_deadline_test.go:274: continuous upload 33.028635792s > idle 30s
=== NAME  TestServerDefaultIdleLongUpload/tls=false
    server_deadline_test.go:274: continuous upload 33.033198583s > idle 30s
--- PASS: TestServerDefaultIdleLongDownload (0.00s)
    --- PASS: TestServerDefaultIdleLongDownload/tls=true (33.03s)
    --- PASS: TestServerDefaultIdleLongDownload/tls=false (33.03s)
--- PASS: TestServerDefaultIdleLongUpload (0.00s)
    --- PASS: TestServerDefaultIdleLongUpload/tls=false (33.03s)
    --- PASS: TestServerDefaultIdleLongUpload/tls=true (33.03s)
PASS
ok  	github.com/minio/minio/internal/http	34.193s
